{
  "bomFormat": "CycloneDX",
  "specVersion": "1.4",
  "serialNumber": "urn:uuid:542fc1a1-81ac-4b76-b9e2-8e6b9d8c840a",
  "version": 1,
  "metadata": {
    "timestamp": "2022-12-22T18:33:51-05:00",
    "tools": [
      {
        "vendor": "anchore",
        "name": "buildx",
        "version": "v0.42.0-bogus"
      }
    ],
    "component": {
      "bom-ref": "ffd645a093c0fe70",
      "type": "container",
      "name": "user-image-input",
      "version": "sha256:2731251dc34951c0e50fcc643b4c5f74922dad1a5d98f302b504cf46cd5d9368"
    }
  },
  "components": [
    {
      "bom-ref": "66ba429119b8bec6",
      "type": "library",
      "name": "package-1",
      "version": "1.0.1",
      "licenses": [
        {
          "license": {
            "id": "MIT"
          }
        }
      ],
      "cpe": "cpe:2.3:*:some:package:1:*:*:*:*:*:*:*",
      "purl": "a-purl-1",
      "properties": [
        {
          "name": "buildx:package:foundBy",
          "value": "the-cataloger-1"
        },
        {
          "name": "buildx:package:language",
          "value": "python"
        },
        {
          "name": "buildx:package:metadataType",
          "value": "PythonPackageMetadata"
        },
        {
          "name": "buildx:package:type",
          "value": "python"
        },
        {
          "name": "buildx:location:0:layerID",
          "value": "sha256:62058900d4ce269c900160b8dd255fe310c3a459dda236d041102fa070f84406"
        },
        {
          "name": "buildx:location:0:path",
          "value": "/somefile-1.txt"
        }
      ]
    },
    {
      "bom-ref": "pkg:deb/debian/package-2@2.0.1?package-id=958443e2d9304af4",
      "type": "library",
      "name": "package-2",
      "version": "2.0.1",
      "cpe": "cpe:2.3:*:some:package:2:*:*:*:*:*:*:*",
      "purl": "pkg:deb/debian/package-2@2.0.1",
      "properties": [
        {
          "name": "buildx:package:foundBy",
          "value": "the-cataloger-2"
        },
        {
          "name": "buildx:package:metadataType",
          "value": "DpkgMetadata"
        },
        {
          "name": "buildx:package:type",
          "value": "deb"
        },
        {
          "name": "buildx:location:0:layerID",
          "value": "sha256:623ad97366f39ae279f1925673cdacb4851ddf2e3266f04e63010ec080a098c1"
        },
        {
          "name": "buildx:location:0:path",
          "value": "/somefile-2.txt"
        },
        {
          "name": "buildx:metadata:installedSize",
          "value": "0"
        }
      ]
    },
    {
      "type": "operating-system",
      "name": "debian",
      "version": "1.2.3",
      "description": "debian",
      "swid": {
        "tagId": "debian",
        "name": "debian",
        "version": "1.2.3"
      },
      "properties": [
        {
          "name": "buildx:distro:id",
          "value": "debian"
        },
        {
          "name": "buildx:distro:idLike:0",
          "value": "like!"
        },
        {
          "name": "buildx:distro:prettyName",
          "value": "debian"
        },
        {
          "name": "buildx:distro:versionID",
          "value": "1.2.3"
        }
      ]
    }
  ]
}
