{
  "bomFormat": "CycloneDX",
  "specVersion": "1.4",
  "serialNumber": "urn:uuid:0b628da1-274e-4c24-821c-f9452f37db54",
  "version": 1,
  "metadata": {
    "timestamp": "2022-12-22T18:33:51-05:00",
    "tools": [
      {
        "vendor": "anchore",
        "name": "buildx",
        "version": "v0.42.0-bogus"
      }
    ],
    "component": {
      "bom-ref": "163686ac6e30c752",
      "type": "file",
      "name": "/some/path"
    }
  },
  "components": [
    {
      "bom-ref": "1b1d0be59ac59d2c",
      "type": "library",
      "name": "package-1",
      "version": "1.0.1",
      "licenses": [
        {
          "license": {
            "id": "MIT"
          }
        }
      ],
      "cpe": "cpe:2.3:*:some:package:2:*:*:*:*:*:*:*",
      "purl": "a-purl-2",
      "properties": [
        {
          "name": "buildx:package:foundBy",
          "value": "the-cataloger-1"
        },
        {
          "name": "buildx:package:language",
          "value": "python"
        },
        {
          "name": "buildx:package:metadataType",
          "value": "PythonPackageMetadata"
        },
        {
          "name": "buildx:package:type",
          "value": "python"
        },
        {
          "name": "buildx:location:0:path",
          "value": "/some/path/pkg1"
        }
      ]
    },
    {
      "bom-ref": "pkg:deb/debian/package-2@2.0.1?package-id=db4abfe497c180d3",
      "type": "library",
      "name": "package-2",
      "version": "2.0.1",
      "cpe": "cpe:2.3:*:some:package:2:*:*:*:*:*:*:*",
      "purl": "pkg:deb/debian/package-2@2.0.1",
      "properties": [
        {
          "name": "buildx:package:foundBy",
          "value": "the-cataloger-2"
        },
        {
          "name": "buildx:package:metadataType",
          "value": "DpkgMetadata"
        },
        {
          "name": "buildx:package:type",
          "value": "deb"
        },
        {
          "name": "buildx:location:0:path",
          "value": "/some/path/pkg1"
        },
        {
          "name": "buildx:metadata:installedSize",
          "value": "0"
        }
      ]
    },
    {
      "type": "operating-system",
      "name": "debian",
      "version": "1.2.3",
      "description": "debian",
      "swid": {
        "tagId": "debian",
        "name": "debian",
        "version": "1.2.3"
      },
      "properties": [
        {
          "name": "buildx:distro:id",
          "value": "debian"
        },
        {
          "name": "buildx:distro:idLike:0",
          "value": "like!"
        },
        {
          "name": "buildx:distro:prettyName",
          "value": "debian"
        },
        {
          "name": "buildx:distro:versionID",
          "value": "1.2.3"
        }
      ]
    }
  ]
}
